DEPENDENT	AA	09BE
DEPENDENT	I	09BF
DEPENDENT	II	09C0
DEPENDENT	U	09C1
DEPENDENT	UU	09C2
DEPENDENT	VOCALIC R	09C3
DEPENDENT	VOCALIC RR	09C4
DEPENDENT	SHORT E	
DEPENDENT	E	09C7
DEPENDENT	AI	09C8
DEPENDENT	SHORT O	
DEPENDENT	O	09CB
DEPENDENT	AU	09CC
DEPENDENT	VOCALIC L	09E2
DEPENDENT	VOCALIC LL	09E3
DIGIT	ZERO	09E6
DIGIT	ONE	09E7
DIGIT	TWO	09E8
DIGIT	THREE	09E9
DIGIT	FOUR	09EA
DIGIT	FIVE	09EB
DIGIT	SIX	09EC
DIGIT	SEVEN	09ED
DIGIT	EIGHT	09EE
DIGIT	NINE	09EF
DIGIT	TEN	
DIGIT	HUNDRED	
DIGIT	THOUSAND	
CONSONANT	KA	0995
CONSONANT	KHA	0996
CONSONANT	GA	0997
CONSONANT	GHA	0998
CONSONANT	NGA	0999
CONSONANT	CA	099A
CONSONANT	CHA	099B
CONSONANT	JA	099C
CONSONANT	JHA	099D
CONSONANT	NYA	099E
CONSONANT	TTA	099F
CONSONANT	TTHA	09A0
CONSONANT	DDA	09A1
CONSONANT	DDHA	09A2
CONSONANT	NNA	09A3
CONSONANT	TA	09A4
CONSONANT	THA	09A5
CONSONANT	DA	09A6
CONSONANT	DHA	09A7
CONSONANT	NA	09A8
CONSONANT	NNNA	
CONSONANT	PA	09AA
CONSONANT	PHA	09AB
CONSONANT	BA	09AC
CONSONANT	BHA	09AD
CONSONANT	MA	09AE
CONSONANT	YA	09AF
CONSONANT	YYA	09DF
CONSONANT	RA	09B0
CONSONANT	RRA	09DC
CONSONANT	RHA	09DD
CONSONANT	LA	09B2
CONSONANT	LLA	
CONSONANT	LLLA	
CONSONANT	VA	09AC
CONSONANT	SHA	09B6
CONSONANT	SSA	09B7
CONSONANT	SA	09B8
CONSONANT	HA	09B9
SIGN	CANDRABINDU	0981
SIGN	ANUSVARA	0982
SIGN	VISARGA	0983
SIGN	NUKTA	09BC
SIGN	AVAGRAHA	09BD
SIGN	VIRAMA	09CD
SIGN	OM	0950
SIGN	STRESS UDATTA	
SIGN	STRESS ANUDATTA	
SIGN	DANDA	
SIGN	DOUBLE DANDA	
SIGN	JIHVAMULIYA	
SIGN	UPADHMANIYA	
SIGN	ZERO WIDTH NON-JOINER	
SIGN	ZERO WIDTH JOINER	
SIGN	RUPEE	09F3
VOWEL	A	0985
VOWEL	AA	0986
VOWEL	I	0987
VOWEL	II	0988
VOWEL	U	0989
VOWEL	UU	098A
VOWEL	VOCALIC R	098B
VOWEL	VOCALIC L	098C
VOWEL	SHORT E	
VOWEL	E	098F
VOWEL	AI	0990
VOWEL	SHORT O	
VOWEL	O	0993
VOWEL	AU	0994
VOWEL	VOCALIC RR	09E0
VOWEL	VOCALIC LL	09E1
SIGN	TIPPI	
SIGN	ADDAK	
