DEPENDENT	AA	1133E
DEPENDENT	I	1133F
DEPENDENT	II	11340
DEPENDENT	U	11341
DEPENDENT	UU	11342
DEPENDENT	VOCALIC R	11343
DEPENDENT	VOCALIC RR	11344
DEPENDENT	E	11347
DEPENDENT	AI	11348
DEPENDENT	O	1134B
DEPENDENT	AU	1134C
DEPENDENT	VOCALIC L	11362
DEPENDENT	VOCALIC LL	11363
DIGIT	ZERO	0BE6
DIGIT	ONE	0BE7
DIGIT	TWO	0BE8
DIGIT	THREE	0BE9
DIGIT	FOUR	0BEA
DIGIT	FIVE	0BEB
DIGIT	SIX	0BEC
DIGIT	SEVEN	0BED
DIGIT	EIGHT	0BEE
DIGIT	NINE	0BEF
CONSONANT	KA	11315
CONSONANT	KHA	11316
CONSONANT	GA	11317
CONSONANT	GHA	11318
CONSONANT	NGA	11319
CONSONANT	CA	1131A
CONSONANT	CHA	1131B
CONSONANT	JA	1131C
CONSONANT	JHA	1131D
CONSONANT	NYA	1131E
CONSONANT	TTA	1131F
CONSONANT	TTHA	11320
CONSONANT	DDA	11321
CONSONANT	DDHA	11322
CONSONANT	NNA	11323
CONSONANT	TA	11324
CONSONANT	THA	11325
CONSONANT	DA	11326
CONSONANT	DHA	11327
CONSONANT	NA	11328
CONSONANT	PA	1132A
CONSONANT	PHA	1132B
CONSONANT	BA	1132C
CONSONANT	BHA	1132D
CONSONANT	MA	1132E
CONSONANT	YA	1132F
CONSONANT	RA	11330
CONSONANT	LA	11332
CONSONANT	LLA	11333
CONSONANT	VA	11335
CONSONANT	SHA	11336
CONSONANT	SSA	11337
CONSONANT	SA	11338
CONSONANT	HA	11339
SIGN	CANDRABINDU	11301
SIGN	ANUSVARA	11302
SIGN	VISARGA	11303
SIGN	NUKTA	1133C
SIGN	AVAGRAHA	1133D
SIGN	VIRAMA	1134D
SIGN	OM	11350
SIGN	STRESS UDATTA	0951
SIGN	STRESS ANUDATTA	0952
SIGN	DANDA	0964
SIGN	DOUBLE DANDA	0965
SIGN	JIHVAMULIYA	1CF2
SIGN	UPADHMANIYA	1CF2
SIGN	VEDIC ANUSVARA	1135E
SIGN	DOUBLE VEDIC ANUSVARA	1135F
VOWEL	A	11305
VOWEL	AA	11306
VOWEL	I	11307
VOWEL	II	11308
VOWEL	U	11309
VOWEL	UU	1130A
VOWEL	VOCALIC R	1130B
VOWEL	VOCALIC L	1130C
VOWEL	E	1130F
VOWEL	AI	11310
VOWEL	O	11313
VOWEL	AU	11314
VOWEL	VOCALIC RR	11360
VOWEL	VOCALIC LL	11361	
