DEPENDENT	AA	0ABE
DEPENDENT	I	0ABF
DEPENDENT	II	0AC0
DEPENDENT	U	0AC1
DEPENDENT	UU	0AC2
DEPENDENT	VOCALIC R	0AC3
DEPENDENT	VOCALIC RR	0AC4
DEPENDENT	SHORT E	0AC5
DEPENDENT	E	0AC7
DEPENDENT	AI	0AC8
DEPENDENT	SHORT O	0AC9
DEPENDENT	O	0ACB
DEPENDENT	AU	0ACC
DEPENDENT	VOCALIC L	0AE2
DEPENDENT	VOCALIC LL	0AE3
DIGIT	ZERO	0AE6
DIGIT	ONE	0AE7
DIGIT	TWO	0AE8
DIGIT	THREE	0AE9
DIGIT	FOUR	0AEA
DIGIT	FIVE	0AEB
DIGIT	SIX	0AEC
DIGIT	SEVEN	0AED
DIGIT	EIGHT	0AEE
DIGIT	NINE	0AEF
DIGIT	TEN	
DIGIT	HUNDRED	
DIGIT	THOUSAND	
CONSONANT	KA	0A95
CONSONANT	KHA	0A96
CONSONANT	GA	0A97
CONSONANT	GHA	0A98
CONSONANT	NGA	0A99
CONSONANT	CA	0A9A
CONSONANT	CHA	0A9B
CONSONANT	JA	0A9C
CONSONANT	JHA	0A9D
CONSONANT	NYA	0A9E
CONSONANT	TTA	0A9F
CONSONANT	TTHA	0AA0
CONSONANT	DDA	0AA1
CONSONANT	DDHA	0AA2
CONSONANT	NNA	0AA3
CONSONANT	TA	0AA4
CONSONANT	THA	0AA5
CONSONANT	DA	0AA6
CONSONANT	DHA	0AA7
CONSONANT	NA	0AA8
CONSONANT	NNNA	
CONSONANT	PA	0AAA
CONSONANT	PHA	0AAB
CONSONANT	BA	0AAC
CONSONANT	BHA	0AAD
CONSONANT	MA	0AAE
CONSONANT	YA	0AAF
CONSONANT	YYA	
CONSONANT	RA	0AB0
CONSONANT	RRA	
CONSONANT	RHA	
CONSONANT	LA	0AB2
CONSONANT	LLA	0AB3
CONSONANT	LLLA	
CONSONANT	VA	0AB5
CONSONANT	SHA	0AB6
CONSONANT	SSA	0AB7
CONSONANT	SA	0AB8
CONSONANT	HA	0AB9
SIGN	CANDRABINDU	0A81
SIGN	ANUSVARA	0A82
SIGN	VISARGA	0A83
SIGN	NUKTA	0ABC
SIGN	AVAGRAHA	0ABD
SIGN	VIRAMA	0ACD
SIGN	OM	0AD0
SIGN	STRESS UDATTA	
SIGN	STRESS ANUDATTA	
SIGN	DANDA	
SIGN	DOUBLE DANDA	
SIGN	JIHVAMULIYA	
SIGN	UPADHMANIYA	
SIGN	ZERO WIDTH NON-JOINER	
SIGN	ZERO WIDTH JOINER	
SIGN	RUPEE	0AF1
VOWEL	A	0A85
VOWEL	AA	0A86
VOWEL	I	0A87
VOWEL	II	0A88
VOWEL	U	0A89
VOWEL	UU	0A8A
VOWEL	VOCALIC R	0A8B
VOWEL	VOCALIC L	0A8C
VOWEL	SHORT E	0A8D
VOWEL	E	0A8F
VOWEL	AI	0A90
VOWEL	SHORT O	0A91
VOWEL	O	0A93
VOWEL	AU	0A94
VOWEL	VOCALIC RR	0AE0
VOWEL	VOCALIC LL	0AE1
SIGN	TIPPI	
SIGN	ADDAK	
