DEPENDENT	AA	0C3E
DEPENDENT	I	0C3F
DEPENDENT	II	0C40
DEPENDENT	U	0C41
DEPENDENT	UU	0C42
DEPENDENT	VOCALIC R	0C43
DEPENDENT	VOCALIC RR	0C44
DEPENDENT	SHORT E	0C46
DEPENDENT	E	0C47
DEPENDENT	AI	0C48
DEPENDENT	SHORT O	0C4A
DEPENDENT	O	0C4B
DEPENDENT	AU	0C4C
DEPENDENT	VOCALIC L	0C62
DEPENDENT	VOCALIC LL	0C63
DIGIT	ZERO	0C66
DIGIT	ONE	0C67
DIGIT	TWO	0C68
DIGIT	THREE	0C69
DIGIT	FOUR	0C6A
DIGIT	FIVE	0C6B
DIGIT	SIX	0C6C
DIGIT	SEVEN	0C6D
DIGIT	EIGHT	0C6E
DIGIT	NINE	0C6F
DIGIT	TEN	
DIGIT	HUNDRED	
DIGIT	THOUSAND	
CONSONANT	KA	0C15
CONSONANT	KHA	0C16
CONSONANT	GA	0C17
CONSONANT	GHA	0C18
CONSONANT	NGA	0C19
CONSONANT	CA	0C1A
CONSONANT	CHA	0C1B
CONSONANT	JA	0C1C
CONSONANT	JHA	0C1D
CONSONANT	NYA	0C1E
CONSONANT	TTA	0C1F
CONSONANT	TTHA	0C20
CONSONANT	DDA	0C21
CONSONANT	DDHA	0C22
CONSONANT	NNA	0C23
CONSONANT	TA	0C24
CONSONANT	THA	0C25
CONSONANT	DA	0C26
CONSONANT	DHA	0C27
CONSONANT	NA	0C28
CONSONANT	NNNA	
CONSONANT	PA	0C2A
CONSONANT	PHA	0C2B
CONSONANT	BA	0C2C
CONSONANT	BHA	0C2D
CONSONANT	MA	0C2E
CONSONANT	YA	0C2F
CONSONANT	YYA	
CONSONANT	RA	0C30
CONSONANT	RRA	0C31
CONSONANT	RHA	
CONSONANT	LA	0C32
CONSONANT	LLA	0C33
CONSONANT	LLLA	
CONSONANT	VA	0C35
CONSONANT	SHA	0C36
CONSONANT	SSA	0C37
CONSONANT	SA	0C38
CONSONANT	HA	0C39
SIGN	CANDRABINDU	0C01
SIGN	ANUSVARA	0C02
SIGN	VISARGA	0C03
SIGN	NUKTA	
SIGN	AVAGRAHA	0C3D
SIGN	VIRAMA	0C4D
SIGN	OM	0950
SIGN	STRESS UDATTA	
SIGN	STRESS ANUDATTA	
SIGN	DANDA	
SIGN	DOUBLE DANDA	
SIGN	JIHVAMULIYA	
SIGN	UPADHMANIYA	
SIGN	ZERO WIDTH NON-JOINER	200C
SIGN	ZERO WIDTH JOINER	200D
SIGN	RUPEE	20B9
VOWEL	A	0C05
VOWEL	AA	0C06
VOWEL	I	0C07
VOWEL	II	0C08
VOWEL	U	0C09
VOWEL	UU	0C0A
VOWEL	VOCALIC R	0C0B
VOWEL	VOCALIC L	0C0C
VOWEL	SHORT E	0C0E
VOWEL	E	0C0F
VOWEL	AI	0C10
VOWEL	SHORT O	0C12
VOWEL	O	0C13
VOWEL	AU	0C14
VOWEL	VOCALIC RR	0C60
VOWEL	VOCALIC LL	0C61
SIGN	TIPPI	
SIGN	ADDAK	
